2026-09-29T10:39:24: 
2026-09-29T10:39:24: 🚀 GymPro Server running on http://localhost:5000
2026-09-29T10:39:24: 📡 Socket.io ready
2026-09-29T10:39:24: 🗄️  Database: admin_gym_management
2026-09-29T10:39:24: 
2026-09-29T10:39:27: [0mGET /api/gym [36m304[0m 160.115 ms - -[0m
2026-09-29T10:39:27: [0mGET /api/trainers/team [36m304[0m 156.704 ms - -[0m
2026-09-29T10:39:38: 
2026-09-29T10:39:38: 🚀 GymPro Server running on http://localhost:5000
2026-09-29T10:39:38: 📡 Socket.io ready
2026-09-29T10:39:38: 🗄️  Database: admin_gym_management
2026-09-29T10:39:38: 
2026-09-29T10:39:39: [0mGET /api/gym [36m304[0m 37.830 ms - -[0m
2026-09-29T10:39:39: [0mGET /api/trainers/team [36m304[0m 33.443 ms - -[0m
2026-09-29T10:39:52: [0mGET / [32m200[0m 95.786 ms - 705[0m
2026-09-29T10:39:52: [0mGET /assets/api-A0IiuE5y.js [32m200[0m 10.591 ms - 521[0m
2026-09-29T10:39:52: [0mGET /assets/index-BLgrSRDI.css [32m200[0m 8.813 ms - -[0m
2026-09-29T10:39:52: [0mGET /assets/redux-toolkit.modern-CpbWL8Cd.js [32m200[0m 16.088 ms - -[0m
2026-09-29T10:39:52: [0mGET /assets/jsx-runtime-FWlCOxOW.js [32m200[0m 16.580 ms - -[0m
2026-09-29T10:39:53: [0mGET /assets/index-DfT8vq-c.js [32m200[0m 16.188 ms - -[0m
2026-09-29T10:39:53: [0mGET /assets/calendar-check-BGFVefw9.js [32m200[0m 6.881 ms - 343[0m
2026-09-29T10:39:53: [0mGET /assets/clock-BvNJC1L4.js [32m200[0m 6.964 ms - 209[0m
2026-09-29T10:39:53: [0mGET /assets/chevron-right-kSDSbNSx.js [32m200[0m 8.944 ms - 170[0m
2026-09-29T10:39:53: [0mGET /assets/mail-CAq4ZyJh.js [32m200[0m 4.804 ms - 253[0m
2026-09-29T10:39:53: [0mGET /assets/map-pin-BlaBKzk1.js [32m200[0m 3.552 ms - 299[0m
2026-09-29T10:39:53: [0mGET /assets/menu-C8qJwkWd.js [32m200[0m 3.737 ms - 229[0m
2026-09-29T10:39:53: [0mGET /assets/phone-BNKgmhFL.js [32m200[0m 1.863 ms - 362[0m
2026-09-29T10:39:53: [0mGET /assets/shopping-cart-KTnaZcL9.js [32m200[0m 2.277 ms - 429[0m
2026-09-29T10:39:53: [0mGET /assets/user-round-CHIv-jV4.js [32m200[0m 2.587 ms - 241[0m
2026-09-29T10:39:53: [0mGET /assets/log-out-BEgMLfdd.js [32m200[0m 24.247 ms - 593[0m
2026-09-29T10:39:53: [0mGET /assets/createLucideIcon-D6OESdbJ.js [32m200[0m 24.962 ms - -[0m
2026-09-29T10:39:53: [0mGET /assets/x-DGk_EASg.js [32m200[0m 9.418 ms - 194[0m
2026-09-29T10:39:53: [0mGET /assets/zap-B0NVawLb.js [32m200[0m 8.849 ms - 313[0m
2026-09-29T10:39:53: [0mGET /assets/SiteLayout-DBBL0qu8.js [32m200[0m 34.595 ms - -[0m
2026-09-29T10:39:53: [0mGET /assets/site-BeW_CsUz.js [32m200[0m 9.397 ms - -[0m
2026-09-29T10:39:53: [0mGET /assets/config-B6LGzp3v.js [32m200[0m 4.834 ms - 149[0m
2026-09-29T10:39:53: [0mGET /assets/arrow-right-DIG1UprK.js [32m200[0m 6.542 ms - 205[0m
2026-09-29T10:39:53: [0mGET /assets/esm-K6QyQliy.js [32m200[0m 4.849 ms - -[0m
2026-09-29T10:39:53: [0mGET /assets/useSiteData-CeiW3yhX.js [32m200[0m 13.662 ms - -[0m
2026-09-29T10:39:53: [0mGET /assets/star-D8xCmwBX.js [32m200[0m 5.075 ms - 608[0m
2026-09-29T10:39:53: [0mGET /assets/chevron-left-CjSI7Lk2.js [32m200[0m 4.158 ms - 170[0m
2026-09-29T10:39:53: [0mGET /assets/Home-DfTTd5B3.js [32m200[0m 15.696 ms - -[0m
2026-09-29T10:39:53: [0mGET /assets/circle-check-kZrFL2s9.js [32m200[0m 4.190 ms - 250[0m
2026-09-29T10:39:53: [0mGET /assets/timer-CyMaEVAf.js [32m200[0m 6.072 ms - 278[0m
2026-09-29T10:39:53: [0mGET /assets/salad-CoaIz5F4.js [32m200[0m 6.428 ms - 516[0m
2026-09-29T10:39:53: [0mGET /assets/dumbbell-DvJLShUy.js [32m200[0m 8.618 ms - 600[0m
2026-09-29T10:39:53: [0mGET /assets/ProgramCard-DBjzw3uj.js [32m200[0m 10.265 ms - -[0m
2026-09-29T10:39:53: [0mGET /favicon.svg [32m200[0m 16.563 ms - -[0m
2026-09-29T10:39:53: [0mGET /api/gym [36m304[0m 5.602 ms - -[0m
2026-09-29T10:39:53: [0mGET /api/banners/active [32m200[0m 5.970 ms - 1012[0m
2026-09-29T10:40:06: [0mGET /admin [32m200[0m 3.161 ms - 705[0m
2026-09-29T10:40:06: [0mGET /assets/calendar-days-iN-rr5IM.js [32m200[0m 8.733 ms - 532[0m
2026-09-29T10:40:06: [0mGET /assets/building-complex-uIwZdhOP.js [32m200[0m 10.460 ms - 452[0m
2026-09-29T10:40:06: [0mGET /assets/calendar-x-2-BIhzoHDK.js [32m200[0m 10.066 ms - 394[0m
2026-09-29T10:40:06: [0mGET /assets/circle-question-mark-DSg8Iz22.js [32m200[0m 7.823 ms - 326[0m
2026-09-29T10:40:06: [0mGET /assets/credit-card-BtgyOQkq.js [32m200[0m 7.832 ms - 283[0m
2026-09-29T10:40:06: [0mGET /assets/gallery-horizontal-Dk2nAxW7.js [32m200[0m 6.456 ms - 271[0m
2026-09-29T10:40:06: [0mGET /assets/lock-C49CHMNW.js [32m200[0m 6.671 ms - 246[0m
2026-09-29T10:40:06: [0mGET /assets/message-square-KLooUzyi.js [32m200[0m 6.577 ms - 273[0m
2026-09-29T10:40:06: [0mGET /assets/shopping-bag-B3bCRdXW.js [32m200[0m 6.425 ms - 380[0m
2026-09-29T10:40:06: [0mGET /assets/users-BEc2r0x3.js [32m200[0m 3.603 ms - 346[0m
2026-09-29T10:40:06: [0mGET /assets/party-popper-BT63Hbkf.js [32m200[0m 64.035 ms - 770[0m
2026-09-29T10:40:06: [0mGET /assets/AdminLayout-C3a6meml.js [32m200[0m 96.576 ms - -[0m
2026-09-29T10:40:06: [0mGET /assets/eye-off-BOMuU33c.js [32m200[0m 2.284 ms - 470[0m
2026-09-29T10:40:06: [0mGET /assets/eye-Cl30wEkp.js [32m200[0m 3.271 ms - 296[0m
2026-09-29T10:40:06: [0mGET /assets/Login-BxqCT5Vv.js [32m200[0m 10.931 ms - -[0m
2026-09-29T10:40:06: [0mGET /assets/Bubbles-DHCRYwA6.js [32m200[0m 18.191 ms - -[0m
2026-09-29T10:40:06: [0mGET /assets/login-bubbles-g_s8Hkgr.jpg [32m200[0m 1.848 ms - 50400[0m
2026-09-29T10:41:01: [0mPOST /api/auth/login [32m200[0m 363.917 ms - 362[0m
2026-09-29T10:41:01: [0mGET /assets/circle-alert-DmNQ8Koy.js [32m200[0m 5.030 ms - 315[0m
2026-09-29T10:41:01: [0mGET /assets/loader-circle-TfS9xSnJ.js [32m200[0m 4.696 ms - 205[0m
2026-09-29T10:41:01: [0mGET /assets/wallet-DI65P2q5.js [32m200[0m 4.292 ms - 326[0m
2026-09-29T10:41:01: [0mGET /assets/Dashboard-Dinx4Y5H.js [32m200[0m 36.718 ms - -[0m
2026-09-29T10:41:01: [0mGET /assets/Table-Bi7svBeH.js [32m200[0m 41.334 ms - -[0m
2026-09-29T10:41:01: [0mGET /assets/MetricCard-CIwJA7OG.js [32m200[0m 48.895 ms - -[0m
2026-09-29T10:41:02: [0mGET /api/users?page=1&limit=5 [32m200[0m 19.517 ms - -[0m
2026-09-29T10:41:02: [Socket] Admin connected: admin@gmail.com (FC8uSeFRS_ols8dhAAAC)
2026-09-29T10:41:02: [0mGET /api/dashboard [32m200[0m 77.815 ms - 115[0m
2026-09-29T10:41:02: [0mGET /api/dashboard/charts [32m200[0m 68.724 ms - 915[0m
2026-09-29T10:41:34: [0mGET /assets/plus-CoTpNfdb.js [32m200[0m 5.511 ms - 193[0m
2026-09-29T10:41:34: [0mGET /assets/trash-BEGouCtT.js [32m200[0m 5.550 ms - 386[0m
2026-09-29T10:41:34: [0mGET /assets/user-check-gyqoplwo.js [32m200[0m 3.634 ms - 283[0m
2026-09-29T10:41:34: [0mGET /assets/user-x-DDqexaLQ.js [32m200[0m 4.014 ms - 346[0m
2026-09-29T10:41:35: [0mGET /assets/Trainers-Dhme8nDj.js [32m200[0m 336.961 ms - -[0m
2026-09-29T10:41:35: [0mGET /assets/PageTemplate-B8lkud9y.js [32m200[0m 357.255 ms - -[0m
2026-09-29T10:41:35: [0mGET /api/stats/trainers [32m200[0m 3.740 ms - 67[0m
2026-09-29T10:41:35: [0mGET /api/trainers?page=1&search=&limit=10 [32m200[0m 9.069 ms - -[0m
2026-09-29T10:41:38: [0mGET /assets/Users-CZ4QXWNZ.js [32m200[0m 89.529 ms - -[0m
2026-09-29T10:41:38: [0mGET /api/stats/users [32m200[0m 3.956 ms - 100[0m
2026-09-29T10:41:38: [0mGET /api/users?page=1&search=&limit=10 [32m200[0m 5.176 ms - -[0m
2026-09-29T10:41:44: [0mGET /assets/Fees-0z1DfyRD.js [32m200[0m 11.169 ms - -[0m
2026-09-29T10:41:44: [0mGET /api/stats/fees [32m200[0m 3.608 ms - 145[0m
2026-09-29T10:41:44: [0mGET /api/fees?page=1&search=&limit=10 [32m200[0m 12.212 ms - -[0m
2026-09-29T10:41:51: [0mGET /assets/Orders-KvE1KBfj.js [32m200[0m 84.572 ms - -[0m
2026-09-29T10:41:51: [0mGET /api/stats/orders [32m200[0m 3.413 ms - 150[0m
2026-09-29T10:41:51: [0mGET /api/orders?page=1&search=&limit=10 [32m200[0m 9.821 ms - -[0m
2026-09-29T10:42:05: [0mGET /assets/external-link-BGk6B4OI.js [32m200[0m 2.011 ms - 291[0m
2026-09-29T10:42:05: [0mGET /assets/save-D-7hkP0v.js [32m200[0m 1.940 ms - 367[0m
2026-09-29T10:42:05: [0mGET /assets/GymDetails-B8hKsjh9.js [32m200[0m 89.691 ms - -[0m
2026-09-29T10:42:05: [0mGET /api/gym [36m304[0m 3.956 ms - -[0m
2026-09-29T10:42:08: [0mGET /api/trainers?page=1&search=&limit=10 [36m304[0m 12.664 ms - -[0m
2026-09-29T10:42:08: [0mGET /api/stats/trainers [36m304[0m 12.964 ms - -[0m
2026-09-29T10:42:50: [0mGET /api/stats/orders [36m304[0m 28.548 ms - -[0m
2026-09-29T10:42:50: [0mGET /api/orders?page=1&search=&limit=10 [36m304[0m 46.777 ms - -[0m
2026-09-29T10:42:53: [0mGET /assets/Birthdays-e8qQgGyO.js [32m200[0m 6.433 ms - -[0m
2026-09-29T10:42:53: [0mGET /api/users/birthdays [32m200[0m 4.747 ms - 298[0m
2026-09-29T10:42:56: [0mGET /assets/calendar-clock-D88cGHN8.js [32m200[0m 0.826 ms - 421[0m
2026-09-29T10:42:56: [0mGET /assets/PlanCompleted-Cg-e2ffJ.js [32m200[0m 4.485 ms - -[0m
2026-09-29T10:42:56: [0mGET /api/gym [36m304[0m 2.184 ms - -[0m
2026-09-29T10:42:56: [0mGET /api/memberships/completed?page=1&search=&limit=10&filter=completed [32m200[0m 15.622 ms - -[0m
2026-09-29T10:42:56: [0mGET /api/memberships/stats [32m200[0m 29.231 ms - 50[0m
2026-09-29T10:43:02: [0mGET /api/stats/trainers [36m304[0m 3.057 ms - -[0m
2026-09-29T10:43:02: [0mGET /api/trainers?page=1&search=&limit=10 [36m304[0m 6.676 ms - -[0m
2026-09-29T10:43:04: [0mGET /api/stats/users [36m304[0m 2.504 ms - -[0m
2026-09-29T10:43:04: [0mGET /api/users?page=1&search=&limit=10 [36m304[0m 12.585 ms - -[0m
2026-09-29T10:43:11: [0mGET /api/stats/fees [36m304[0m 1.696 ms - -[0m
2026-09-29T10:43:11: [0mGET /api/fees?page=1&search=&limit=10 [36m304[0m 4.806 ms - -[0m
2026-09-29T10:43:18: [0mGET /assets/minus-DBd1RyQO.js [32m200[0m 5.090 ms - 157[0m
2026-09-29T10:43:18: [0mGET /assets/crown-CT4h7Bme.js [32m200[0m 4.191 ms - 402[0m
2026-09-29T10:43:18: [0mGET /assets/BookClass-BJy_jq1c.js [32m200[0m 90.449 ms - -[0m
2026-09-29T10:43:18: [0mGET /assets/OrderSummary-BNy9kPDs.js [32m200[0m 91.073 ms - -[0m
2026-09-29T10:43:18: [0mGET /api/catalog [32m200[0m 4.589 ms - -[0m
2026-09-29T10:43:18: [0mGET /api/classes/1/availability?date=2026-09-30 [32m200[0m 6.957 ms - 27[0m
2026-09-29T10:43:19: [0mGET /assets/Workouts-CozETTxj.js [32m200[0m 11.929 ms - -[0m
2026-09-29T10:43:19: [0mGET /api/catalog [36m304[0m 2.128 ms - -[0m
2026-09-29T10:43:42: [0mGET /assets/Classes-Irfyo95I.js [32m200[0m 326.355 ms - -[0m
2026-09-29T10:43:42: [0mGET /api/stats/classes [32m200[0m 2.297 ms - 67[0m
2026-09-29T10:43:42: [0mGET /api/classes?page=1&search=&limit=10 [32m200[0m 7.978 ms - -[0m
2026-09-29T10:44:02: [0mGET /api/options [32m200[0m 3.437 ms - 573[0m
2026-09-29T10:44:25: [0mPOST /api/classes [32m201[0m 377.886 ms - 42[0m
2026-09-29T10:44:25: [0mGET /api/catalog [32m200[0m 4.415 ms - -[0m
2026-09-29T10:44:25: [0mGET /api/stats/classes [32m200[0m 8.050 ms - 67[0m
2026-09-29T10:44:25: [0mGET /api/classes?page=1&search=&limit=10 [32m200[0m 11.956 ms - -[0m
2026-09-29T10:44:30: [0mGET /workouts [32m200[0m 1.116 ms - 705[0m
2026-09-29T10:44:30: [0mGET /api/gym [36m304[0m 13.503 ms - -[0m
2026-09-29T10:44:30: [0mGET /api/catalog [36m304[0m 13.959 ms - -[0m
2026-09-29T10:44:57: [0mGET /api/options [36m304[0m 5.249 ms - -[0m
2026-09-29T10:45:05: [0mPUT /api/classes/14 [32m200[0m 125.479 ms - 34[0m
2026-09-29T10:45:05: [0mGET /api/catalog [32m200[0m 0.969 ms - -[0m
2026-09-29T10:45:05: [0mGET /api/stats/classes [36m304[0m 1.505 ms - -[0m
2026-09-29T10:45:05: [0mGET /api/classes?page=1&search=&limit=10 [32m200[0m 4.067 ms - -[0m
2026-09-29T10:45:22: [0mGET /api/catalog [36m304[0m 4.218 ms - -[0m
2026-09-29T10:45:22: [0mGET /api/classes/1/availability?date=2026-09-30 [36m304[0m 4.108 ms - -[0m
2026-09-29T10:45:37: [0mGET /api/options [36m304[0m 4.264 ms - -[0m
2026-09-29T10:45:49: [0mPOST /api/classes [32m201[0m 116.047 ms - 42[0m
2026-09-29T10:45:49: [0mGET /api/catalog [32m200[0m 1.357 ms - -[0m
2026-09-29T10:45:49: [0mGET /api/stats/classes [32m200[0m 87.967 ms - 69[0m
2026-09-29T10:45:49: [0mGET /api/classes?page=1&search=&limit=10 [32m200[0m 91.077 ms - -[0m
2026-09-29T10:47:00: [0mGET /admin/classes [32m200[0m 1.453 ms - 705[0m
2026-09-29T10:47:00: [Socket] Admin connected: admin@gmail.com (hZPhWLBuAvw-SokNAAAF)
2026-09-29T10:47:00: [0mGET /api/stats/classes [36m304[0m 66.099 ms - -[0m
2026-09-29T10:47:00: [0mGET /api/classes?page=1&search=&limit=10 [36m304[0m 70.529 ms - -[0m
2026-09-29T11:10:46: 
2026-09-29T11:10:46: 🚀 GymPro Server running on http://localhost:5000
2026-09-29T11:10:46: 📡 Socket.io ready
2026-09-29T11:10:46: 🗄️  Database: admin_gym_management
2026-09-29T11:10:46: 
2026-09-29T11:10:48: [0mGET /book [32m200[0m 82.929 ms - 705[0m
2026-09-29T11:10:49: [0mGET /api/gym [36m304[0m 246.455 ms - -[0m
2026-09-29T11:10:49: [0mGET /api/catalog [36m304[0m 236.302 ms - -[0m
2026-09-29T11:10:49: [0mGET /api/classes/1/availability?date=2026-09-30 [36m304[0m 55.633 ms - -[0m
2026-09-29T11:10:50: [0mGET /book [36m304[0m 1.740 ms - -[0m
2026-09-29T11:10:50: [0mGET /api/gym [36m304[0m 3.772 ms - -[0m
2026-09-29T11:10:50: [0mGET /api/catalog [36m304[0m 4.295 ms - -[0m
2026-09-29T11:10:50: [0mGET /api/classes/1/availability?date=2026-09-30 [36m304[0m 4.663 ms - -[0m
2026-09-29T13:32:08: [0mGET / [32m200[0m 47.462 ms - 705[0m
2026-09-29T13:32:08: [0mGET /assets/api-A0IiuE5y.js [32m200[0m 83.572 ms - 521[0m
2026-09-29T13:32:08: [0mGET /assets/redux-toolkit.modern-CpbWL8Cd.js [32m200[0m 119.969 ms - -[0m
2026-09-29T13:32:08: [0mGET /assets/jsx-runtime-FWlCOxOW.js [32m200[0m 109.928 ms - -[0m
2026-09-29T13:32:08: [0mGET /assets/index-BLgrSRDI.css [32m200[0m 130.706 ms - -[0m
2026-09-29T13:32:08: [0mGET /assets/index-DfT8vq-c.js [32m200[0m 148.131 ms - -[0m
2026-09-29T13:32:09: [0mGET /assets/calendar-check-BGFVefw9.js [32m200[0m 55.072 ms - 343[0m
2026-09-29T13:32:09: [0mGET /assets/chevron-right-kSDSbNSx.js [32m200[0m 55.766 ms - 170[0m
2026-09-29T13:32:09: [0mGET /assets/clock-BvNJC1L4.js [32m200[0m 57.874 ms - 209[0m
2026-09-29T13:32:09: [0mGET /assets/SiteLayout-DBBL0qu8.js [32m200[0m 56.125 ms - -[0m
2026-09-29T13:32:09: [0mGET /assets/mail-CAq4ZyJh.js [32m200[0m 5.081 ms - 253[0m
2026-09-29T13:32:09: [0mGET /assets/map-pin-BlaBKzk1.js [32m200[0m 5.250 ms - 299[0m
2026-09-29T13:32:09: [0mGET /assets/menu-C8qJwkWd.js [32m200[0m 6.553 ms - 229[0m
2026-09-29T13:32:09: [0mGET /assets/phone-BNKgmhFL.js [32m200[0m 10.008 ms - 362[0m
2026-09-29T13:32:09: [0mGET /assets/shopping-cart-KTnaZcL9.js [32m200[0m 6.215 ms - 429[0m
2026-09-29T13:32:09: [0mGET /assets/x-DGk_EASg.js [32m200[0m 6.194 ms - 194[0m
2026-09-29T13:32:09: [0mGET /assets/log-out-BEgMLfdd.js [32m200[0m 79.530 ms - 593[0m
2026-09-29T13:32:09: [0mGET /assets/user-round-CHIv-jV4.js [32m200[0m 8.511 ms - 241[0m
2026-09-29T13:32:09: [0mGET /assets/createLucideIcon-D6OESdbJ.js [32m200[0m 82.534 ms - -[0m
2026-09-29T13:32:09: [0mGET /assets/zap-B0NVawLb.js [32m200[0m 1.604 ms - 313[0m
2026-09-29T13:32:09: [0mGET /assets/config-B6LGzp3v.js [32m200[0m 3.189 ms - 149[0m
2026-09-29T13:32:09: [0mGET /assets/site-BeW_CsUz.js [32m200[0m 6.927 ms - -[0m
2026-09-29T13:32:09: [0mGET /assets/useSiteData-CeiW3yhX.js [32m200[0m 5.502 ms - -[0m
2026-09-29T13:32:09: [0mGET /assets/Home-DfTTd5B3.js [32m200[0m 14.367 ms - -[0m
2026-09-29T13:32:09: [0mGET /assets/esm-K6QyQliy.js [32m200[0m 50.931 ms - -[0m
2026-09-29T13:32:09: [0mGET /assets/arrow-right-DIG1UprK.js [32m200[0m 13.881 ms - 205[0m
2026-09-29T13:32:09: [0mGET /assets/circle-check-kZrFL2s9.js [32m200[0m 14.816 ms - 250[0m
2026-09-29T13:32:09: [0mGET /assets/star-D8xCmwBX.js [32m200[0m 17.128 ms - 608[0m
2026-09-29T13:32:09: [0mGET /assets/ProgramCard-DBjzw3uj.js [32m200[0m 14.392 ms - -[0m
2026-09-29T13:32:09: [0mGET /assets/timer-CyMaEVAf.js [32m200[0m 8.479 ms - 278[0m
2026-09-29T13:32:09: [0mGET /assets/chevron-left-CjSI7Lk2.js [32m200[0m 29.458 ms - 170[0m
2026-09-29T13:32:09: [0mGET /assets/salad-CoaIz5F4.js [32m200[0m 11.595 ms - 516[0m
2026-09-29T13:32:09: [0mGET /assets/dumbbell-DvJLShUy.js [32m200[0m 101.972 ms - 600[0m
2026-09-29T13:32:09: [0mGET /favicon.svg [32m200[0m 96.543 ms - -[0m
2026-09-29T13:32:09: [0mGET /api/gym [32m200[0m 297.603 ms - -[0m
2026-09-29T13:32:09: [0mGET /api/banners/active [32m200[0m 322.805 ms - 1012[0m
2026-09-29T13:32:24: [0mGET /assets/eye-Cl30wEkp.js [32m200[0m 127.917 ms - 296[0m
2026-09-29T13:32:25: [0mGET /assets/About-DcAvNeYI.js [32m200[0m 129.732 ms - -[0m
2026-09-29T13:32:25: [0mGET /api/trainers/team [32m200[0m 432.131 ms - 389[0m
2026-09-29T13:32:31: [0mGET /assets/loader-circle-TfS9xSnJ.js [32m200[0m 3.443 ms - 205[0m
2026-09-29T13:32:31: [0mGET /assets/Workouts-CozETTxj.js [32m200[0m 6.076 ms - -[0m
2026-09-29T13:32:31: [0mGET /api/catalog [32m200[0m 41.996 ms - -[0m
2026-09-29T13:33:06: [0mGET /assets/plus-CoTpNfdb.js [32m200[0m 101.207 ms - 193[0m
2026-09-29T13:33:06: [0mGET /assets/users-BEc2r0x3.js [32m200[0m 101.536 ms - 346[0m
2026-09-29T13:33:06: [0mGET /assets/calendar-days-iN-rr5IM.js [32m200[0m 122.512 ms - 532[0m
2026-09-29T13:33:06: [0mGET /assets/minus-DBd1RyQO.js [32m200[0m 124.947 ms - 157[0m
2026-09-29T13:33:06: [0mGET /assets/circle-alert-DmNQ8Koy.js [32m200[0m 21.297 ms - 315[0m
2026-09-29T13:33:06: [0mGET /assets/crown-CT4h7Bme.js [32m200[0m 22.080 ms - 402[0m
2026-09-29T13:33:06: [0mGET /assets/BookClass-BJy_jq1c.js [32m200[0m 140.449 ms - -[0m
2026-09-29T13:33:06: [0mGET /assets/OrderSummary-BNy9kPDs.js [32m200[0m 143.046 ms - -[0m
2026-09-29T13:33:06: [0mGET /api/catalog [36m304[0m 21.111 ms - -[0m
2026-09-29T13:33:06: [0mGET /api/classes/1/availability?date=2026-09-30 [32m200[0m 99.291 ms - 27[0m
2026-09-29T13:33:12: [0mGET /assets/arrow-left-BauYZUqd.js [32m200[0m 3.049 ms - 205[0m
2026-09-29T13:33:12: [0mGET /assets/trash-BEGouCtT.js [32m200[0m 3.031 ms - 386[0m
2026-09-29T13:33:12: [0mGET /assets/shield-check-BRfFg1gM.js [32m200[0m 4.978 ms - 360[0m
2026-09-29T13:33:12: [0mGET /assets/CheckoutSteps-9VfqjT-D.js [32m200[0m 90.705 ms - 929[0m
2026-09-29T13:33:12: [0mGET /assets/Cart-bPuT6Ez-.js [32m200[0m 102.783 ms - -[0m
2026-09-29T13:33:12: [0mGET /api/catalog [36m304[0m 5.438 ms - -[0m
2026-09-29T13:33:15: [0mGET /assets/lock-C49CHMNW.js [32m200[0m 6.283 ms - 246[0m
2026-09-29T13:33:15: [0mGET /assets/calendar-plus-B8y0VAx7.js [32m200[0m 4.072 ms - 395[0m
2026-09-29T13:33:15: [0mGET /assets/key-round-6kB-lXsW.js [32m200[0m 3.372 ms - 395[0m
2026-09-29T13:33:15: [0mGET /assets/AccountLayout-Bjm3rTLV.js [32m200[0m 13.540 ms - -[0m
2026-09-29T13:33:15: [0mGET /assets/Checkout-KzB95v5-.js [32m200[0m 27.182 ms - -[0m
2026-09-29T13:33:15: [0mGET /api/catalog [36m304[0m 1.478 ms - -[0m
2026-09-29T13:33:21: [0mPOST /api/bookings [32m201[0m 764.350 ms - 87[0m
2026-09-29T13:33:21: [0mGET /assets/Payment-CpylE7cU.js [32m200[0m 3.411 ms - -[0m
2026-09-29T13:33:21: [0mGET /assets/calendar-clock-D88cGHN8.js [32m200[0m 5.642 ms - 421[0m
2026-09-29T13:33:21: [0mGET /assets/credit-card-BtgyOQkq.js [32m200[0m 12.665 ms - 283[0m
2026-09-29T13:33:21: [0mGET /assets/wallet-DI65P2q5.js [32m200[0m 8.469 ms - 326[0m
2026-09-29T13:33:21: [0mGET /assets/flask-conical-B0j6Wfka.js [32m200[0m 20.588 ms - 342[0m
2026-09-29T13:33:21: [0mGET /assets/badge-check-C6kPwKM-.js [32m200[0m 25.241 ms - 382[0m
2026-09-29T13:33:21: [0mGET /assets/qr-code-B9XOKYln.js [32m200[0m 42.291 ms - -[0m
2026-09-29T13:33:21: [0mGET /api/bookings/public/cf1144b77290d0a21d9567056f1f6085 [32m200[0m 12.417 ms - 670[0m
2026-09-29T13:33:37: [Email not sent — SMTP not configured] to=test@gmail.com subject="Booking confirmed — GP26000011"
2026-09-29T13:33:37: [Email not sent — SMTP not configured] to=info@gympro.in subject="New booking GP26000011 — Testt"
2026-09-29T13:33:37: [0mPOST /api/bookings/dummy-pay [32m200[0m 289.267 ms - 721[0m
2026-09-29T13:33:37: [0mGET /assets/printer-7AIgkjBj.js [32m200[0m 1.877 ms - 359[0m
2026-09-29T13:33:37: [0mGET /assets/file-text-BlmiyBNY.js [32m200[0m 1.843 ms - 425[0m
2026-09-29T13:33:37: [0mGET /assets/booking-DxsKsKOk.js [32m200[0m 2.393 ms - 265[0m
2026-09-29T13:33:37: [0mGET /assets/PaymentStatus-Bm8AiVCV.js [32m200[0m 13.513 ms - -[0m
2026-09-29T13:33:37: [0mGET /api/bookings/public/cf1144b77290d0a21d9567056f1f6085 [32m200[0m 18.617 ms - 721[0m
2026-09-29T13:34:28: [0mGET /assets/AccountDashboard-B1aocn9P.js [32m200[0m 332.262 ms - -[0m
2026-09-29T13:34:28: [0mGET /assets/MetricCard-CIwJA7OG.js [32m200[0m 331.180 ms - -[0m
2026-09-29T13:34:28: [0mGET /api/customer/dashboard [32m200[0m 36.758 ms - 839[0m
2026-09-29T13:34:39: [0mGET /admin [32m200[0m 1.548 ms - 705[0m
2026-09-29T13:34:39: [0mGET /assets/building-complex-uIwZdhOP.js [32m200[0m 20.317 ms - 452[0m
2026-09-29T13:34:39: [0mGET /assets/calendar-x-2-BIhzoHDK.js [32m200[0m 18.888 ms - 394[0m
2026-09-29T13:34:39: [0mGET /assets/circle-question-mark-DSg8Iz22.js [32m200[0m 18.494 ms - 326[0m
2026-09-29T13:34:39: [0mGET /assets/gallery-horizontal-Dk2nAxW7.js [32m200[0m 17.007 ms - 271[0m
2026-09-29T13:34:39: [0mGET /assets/message-square-KLooUzyi.js [32m200[0m 14.686 ms - 273[0m
2026-09-29T13:34:39: [0mGET /assets/shopping-bag-B3bCRdXW.js [32m200[0m 2.560 ms - 380[0m
2026-09-29T13:34:39: [0mGET /assets/party-popper-BT63Hbkf.js [32m200[0m 58.414 ms - 770[0m
2026-09-29T13:34:39: [0mGET /assets/AdminLayout-C3a6meml.js [32m200[0m 91.106 ms - -[0m
2026-09-29T13:34:39: [0mGET /assets/Dashboard-Dinx4Y5H.js [32m200[0m 3.160 ms - -[0m
2026-09-29T13:34:39: [0mGET /assets/Table-Bi7svBeH.js [32m200[0m 14.026 ms - -[0m
2026-09-29T13:34:39: [Socket] Admin connected: admin@gmail.com (mRSmHlPkZOdXhZOrAAAD)
2026-09-29T13:34:40: [0mGET /api/users?page=1&limit=5 [32m200[0m 183.790 ms - -[0m
2026-09-29T13:34:40: [0mGET /api/dashboard/charts [32m200[0m 264.952 ms - 919[0m
2026-09-29T13:34:40: [0mGET /api/dashboard [32m200[0m 300.395 ms - 115[0m
